2025-10-07T18:56:54.5036025Z,Updating submodules.,651eeaf0-06f9-40a5-960d-2d19e47819fd,0
2025-10-07T18:56:55.8876961Z,Preparing deployment for commit id '6482ba79-f'.,34131b3e-54a1-4f1f-9fcd-7716536895e3,0
2025-10-07T18:56:56.3012987Z,PreDeployment: context.CleanOutputPath False,99b2b158-643a-45c8-a742-6ed25f47a15a,0
2025-10-07T18:56:56.4732387Z,PreDeployment: context.OutputPath /home/site/wwwroot,6c59b841-4cd9-4129-be01-76439c6b77d7,0
2025-10-07T18:56:56.6780275Z,Running build. Project type: OneDeploy,887c9296-e8e1-4693-9dbe-e0a50b6626b1,0
2025-10-07T18:56:56.9537207Z,Copying the manifest,ee7a8b34-3355-41c0-a29c-26f232cadaf7,0
2025-10-07T18:56:57.3861428Z,Running deployment command...,a3571926-a993-44c0-9ff0-5662b1f1643f,0
	2025-10-07T18:56:57.4340480Z,Command: /opt/Kudu/Scripts/parallel_rsync.sh /tmp/zipdeploy/extracted /home/site/wwwroot 8 /tmp/ False False  ,,0
	2025-10-07T18:56:57.8257867Z,Run rsync from: /tmp/zipdeploy/extracted/ to: /home/site/wwwroot/ in 8 parallel threads,,0
	2025-10-07T18:56:57.9633823Z,Delete options: clean=False&comma; use manifest=False&comma; directory to ignore=,,0
	2025-10-07T18:56:58.0994442Z,Prev manifest = /opt/Kudu/Scripts/firstDeploymentManifest and next /home/site/deployments/6482ba79-f0b9-4d89-b908-fdc497f9035e/manifest,,0
	2025-10-07T18:56:58.2287827Z,Cleaning up /tmp//filelist.txt and /tmp//splits,,0
	2025-10-07T18:56:58.4400727Z,Creating a list of all files at /tmp//filelist.txt,,0
	2025-10-07T18:56:58.5221463Z,No directory to exclude.,,0
	2025-10-07T18:56:58.6146634Z,Created /tmp//filelist.txt. Total number of files to be synced = 1.,,0
	2025-10-07T18:56:58.6630494Z,Created batches from the list of files. Processing 1 files in each thread,,0
	2025-10-07T18:56:58.8187451Z,Running rsync for filelist /tmp//splits/split.aa from /tmp/zipdeploy/extracted/ to /home/site/wwwroot/,,0
	2025-10-07T18:56:58.9779978Z,,,0
	2025-10-07T18:56:59.0624110Z,Number of files: 1 (reg: 1),,0
	2025-10-07T18:56:59.1336467Z,Number of created files: 1 (reg: 1),,0
	2025-10-07T18:56:59.1898315Z,Number of deleted files: 0,,0
	2025-10-07T18:56:59.2898028Z,Number of regular files transferred: 1,,0
	2025-10-07T18:56:59.3570195Z,Total file size: 4.08K bytes,,0
	2025-10-07T18:56:59.5343668Z,Total transferred file size: 4.08K bytes,,0
	2025-10-07T18:56:59.7695051Z,Literal data: 4.08K bytes,,0
	2025-10-07T18:56:59.9859817Z,Matched data: 0 bytes,,0
	2025-10-07T18:57:00.1589649Z,File list size: 0,,0
	2025-10-07T18:57:00.2937138Z,File list generation time: 0.001 seconds,,0
	2025-10-07T18:57:00.3652121Z,File list transfer time: 0.000 seconds,,0
	2025-10-07T18:57:00.4107419Z,Total bytes sent: 1.72K,,0
	2025-10-07T18:57:00.4592636Z,Total bytes received: 35,,0
	2025-10-07T18:57:00.5289353Z,,,0
	2025-10-07T18:57:00.6078992Z,sent 1.72K bytes  received 35 bytes  3.52K bytes/sec,,0
	2025-10-07T18:57:00.7842129Z,total size is 4.08K  speedup is 2.32,,0
	2025-10-07T18:57:00.8768720Z,Attempt 1: Rsync for filelist /tmp//splits/split.aa completed with exit code 0,,0
	2025-10-07T18:57:00.9313212Z,Completed successfully in 1 seconds,,0
2025-10-07T18:57:01.3004277Z,Build completed succesfully.,d422d07a-84e0-4f1f-a0b1-0cccdf1e2f66,0
2025-10-07T18:57:01.5748956Z,Running post deployment command(s)...,57ec9380-1728-4830-b226-ee9b4951ff1d,0
2025-10-07T18:57:01.8472240Z,Triggering container recycle for OneDeploy by adding/updating restartTrigger.txt to the site root path,ea2470bb-722c-41ea-8766-8b44ea1f7871,0
2025-10-07T18:57:02.4387947Z,Deployment successful. deployer = OneDeploy deploymentPath = OneDeploy,00006ab7-2730-44dd-b722-a9fe4498303e,0
